app/forgot-password.tsx(59,16): error TS2345: Argument of type '(dispatch: any) => Promise<any>' is not assignable to parameter of type 'UnknownAction'.
app/forgot-password.tsx(76,29): error TS2345: Argument of type '[string, { phone: string; }]' is not assignable to parameter of type 'never'.
app/forgot-password.tsx(79,18): error TS2345: Argument of type '(dispatch: any) => Promise<void>' is not assignable to parameter of type 'UnknownAction'.
app/forgot-password.tsx(86,18): error TS2345: Argument of type '(dispatch: any) => Promise<void>' is not assignable to parameter of type 'UnknownAction'.
app/forgot-password.tsx(233,17): error TS2322: Type '(e?: FormEvent<HTMLFormElement>) => void' is not assignable to type '(event: GestureResponderEvent) => void'.
  Types of parameters 'e' and 'event' are incompatible.
    Type 'GestureResponderEvent' is not assignable to type 'FormEvent<HTMLFormElement>'.
      Types of property 'nativeEvent' are incompatible.
        Type 'NativeTouchEvent' is missing the following properties from type 'Event': bubbles, cancelBubble, cancelable, composed, and 17 more.
app/forgot-password.tsx(256,52): error TS2769: No overload matches this call.
  Argument of type '[string]' is not assignable to parameter of type 'never'.
  Overload 2 of 2, '(options: never): void', gave the following error.
    Argument of type '"login"' is not assignable to parameter of type 'never'.
app/fundamental.tsx(107,36): error TS2339: Property 'name' does not exist on type 'AxiosResponse<any, any, {}>'.
app/fundamental.tsx(113,39): error TS2339: Property 'symbol' does not exist on type 'AxiosResponse<any, any, {}>'.
app/fundamental.tsx(159,54): error TS2339: Property 'results' does not exist on type 'AxiosResponse<any, any, {}>'.
app/fundamental.tsx(326,52): error TS2322: Type 'unknown' is not assignable to type 'ReactNode'.
app/login.tsx(38,9): error TS2304: Cannot find name 'User'.
app/otp-verification.tsx(50,37): error TS2339: Property 'phone' does not exist on type 'object'.
app/otp-verification.tsx(57,27): error TS2769: No overload matches this call.
  Argument of type '[string]' is not assignable to parameter of type 'never'.
  Overload 2 of 2, '(options: never): void', gave the following error.
    Argument of type '"forgot-password"' is not assignable to parameter of type 'never'.
app/otp-verification.tsx(109,29): error TS2345: Argument of type '[string, { phone: any; token: string; }]' is not assignable to parameter of type 'never'.
app/otp-verification.tsx(113,18): error TS2345: Argument of type '(dispatch: any) => Promise<void>' is not assignable to parameter of type 'UnknownAction'.
app/otp-verification.tsx(127,18): error TS2345: Argument of type '(dispatch: any) => Promise<void>' is not assignable to parameter of type 'UnknownAction'.
app/otp-verification.tsx(142,18): error TS2345: Argument of type '(dispatch: any) => Promise<void>' is not assignable to parameter of type 'UnknownAction'.
app/otp-verification.tsx(197,18): error TS2345: Argument of type '(dispatch: any) => Promise<any>' is not assignable to parameter of type 'UnknownAction'.
app/otp-verification.tsx(206,16): error TS2345: Argument of type '(dispatch: any) => Promise<any>' is not assignable to parameter of type 'UnknownAction'.
app/otp-verification.tsx(300,17): error TS2322: Type '(e?: FormEvent<HTMLFormElement>) => void' is not assignable to type '(event: GestureResponderEvent) => void'.
  Types of parameters 'e' and 'event' are incompatible.
    Type 'GestureResponderEvent' is not assignable to type 'FormEvent<HTMLFormElement>'.
      Types of property 'nativeEvent' are incompatible.
        Type 'NativeTouchEvent' is missing the following properties from type 'Event': bubbles, cancelBubble, cancelable, composed, and 17 more.
app/otp-verification.tsx(353,50): error TS2769: No overload matches this call.
  Argument of type '[string]' is not assignable to parameter of type 'never'.
  Overload 2 of 2, '(options: never): void', gave the following error.
    Argument of type '"forgot-password"' is not assignable to parameter of type 'never'.
app/pricing.tsx(7,3): error TS2741: Property 'navigation' is missing in type '{}' but required in type '{ navigation: any; }'.
app/registerpage.tsx(85,21): error TS2339: Property 'msg' does not exist on type 'AxiosResponse<any, any, {}>'.
app/registerpage.tsx(93,25): error TS2339: Property 'msg' does not exist on type 'AxiosResponse<any, any, {}>'.
app/registerpage.tsx(151,23): error TS2554: Expected 0 arguments, but got 1.
app/registerpage.tsx(366,17): error TS2322: Type '(e?: FormEvent<HTMLFormElement>) => void' is not assignable to type '(event: GestureResponderEvent) => void'.
  Types of parameters 'e' and 'event' are incompatible.
    Type 'GestureResponderEvent' is not assignable to type 'FormEvent<HTMLFormElement>'.
      Types of property 'nativeEvent' are incompatible.
        Type 'NativeTouchEvent' is missing the following properties from type 'Event': bubbles, cancelBubble, cancelable, composed, and 17 more.
app/reset-password.tsx(50,37): error TS2339: Property 'phone' does not exist on type 'object'.
app/reset-password.tsx(51,31): error TS2339: Property 'token' does not exist on type 'object'.
app/reset-password.tsx(58,27): error TS2769: No overload matches this call.
  Argument of type '[string]' is not assignable to parameter of type 'never'.
  Overload 2 of 2, '(options: never): void', gave the following error.
    Argument of type '"forgot-password"' is not assignable to parameter of type 'never'.
app/reset-password.tsx(89,20): error TS2345: Argument of type '(dispatch: any) => Promise<void>' is not assignable to parameter of type 'UnknownAction'.
app/reset-password.tsx(90,26): error TS2345: Argument of type '"login"' is not assignable to parameter of type '"/dashboard" | "/chatbot" | "/fundamental" | "/historical" | "/scannermain" | "/scannerfundamental" | "/basic-backtester-main" | "/advanced-backtester-main" | "/simulator" | ... 118 more ... | { ...; }'.
app/reset-password.tsx(107,18): error TS2345: Argument of type '(dispatch: any) => Promise<void>' is not assignable to parameter of type 'UnknownAction'.
app/reset-password.tsx(129,16): error TS2345: Argument of type '(dispatch: any) => Promise<any>' is not assignable to parameter of type 'UnknownAction'.
app/reset-password.tsx(265,17): error TS2322: Type '(e?: FormEvent<HTMLFormElement>) => void' is not assignable to type '(event: GestureResponderEvent) => void'.
  Types of parameters 'e' and 'event' are incompatible.
    Type 'GestureResponderEvent' is not assignable to type 'FormEvent<HTMLFormElement>'.
      Types of property 'nativeEvent' are incompatible.
        Type 'NativeTouchEvent' is missing the following properties from type 'Event': bubbles, cancelBubble, cancelable, composed, and 17 more.
app/reset-password.tsx(287,66): error TS2769: No overload matches this call.
  Argument of type '[string]' is not assignable to parameter of type 'never'.
  Overload 2 of 2, '(options: never): void', gave the following error.
    Argument of type '"login"' is not assignable to parameter of type 'never'.
app/scanner.tsx(1014,45): error TS2339: Property 'Login' does not exist on type 'unknown'.
app/scanner.tsx(1015,53): error TS2339: Property 'Scanner' does not exist on type 'unknown'.
app/scanner.tsx(1016,52): error TS2339: Property 'Layout' does not exist on type 'unknown'.
app/scanner.tsx(1049,28): error TS2339: Property 'type' does not exist on type 'object'.
app/scanner.tsx(1074,44): error TS2339: Property 'state' does not exist on type 'object'.
app/scanner.tsx(1446,28): error TS2339: Property 'state' does not exist on type 'object'.
app/scanner.tsx(1483,38): error TS2339: Property 'msg' does not exist on type 'AxiosResponse<any, any, {}>'.
app/scanner.tsx(1487,38): error TS2339: Property 'msg' does not exist on type 'AxiosResponse<any, any, {}>'.
app/scanner.tsx(1494,72): error TS2345: Argument of type '[string, { alertsScanner: string; }]' is not assignable to parameter of type 'never'.
app/scanner.tsx(1495,47): error TS2769: No overload matches this call.
  Argument of type '[string]' is not assignable to parameter of type 'never'.
  Overload 2 of 2, '(options: never): void', gave the following error.
    Argument of type '"scannerhome"' is not assignable to parameter of type 'never'.
app/scanner.tsx(1518,28): error TS2339: Property 'msg' does not exist on type 'AxiosResponse<any, any, {}>'.
app/scanner.tsx(1522,28): error TS2339: Property 'msg' does not exist on type 'AxiosResponse<any, any, {}>'.
app/scanner.tsx(1528,72): error TS2345: Argument of type '[string, { alertsScanner: string; }]' is not assignable to parameter of type 'never'.
app/scanner.tsx(1529,47): error TS2769: No overload matches this call.
  Argument of type '[string]' is not assignable to parameter of type 'never'.
  Overload 2 of 2, '(options: never): void', gave the following error.
    Argument of type '"scannerhome"' is not assignable to parameter of type 'never'.
app/scanner.tsx(1547,46): error TS2339: Property 'msg' does not exist on type 'AxiosResponse<any, any, {}>'.
app/scanner.tsx(1549,26): error TS2339: Property 'msg' does not exist on type 'AxiosResponse<any, any, {}>'.
app/scanner.tsx(1553,26): error TS2339: Property 'msg' does not exist on type 'AxiosResponse<any, any, {}>'.
app/scanner.tsx(1560,72): error TS2345: Argument of type '[string, { alertsScanner: string; }]' is not assignable to parameter of type 'never'.
app/scanner.tsx(1561,47): error TS2769: No overload matches this call.
  Argument of type '[string]' is not assignable to parameter of type 'never'.
  Overload 2 of 2, '(options: never): void', gave the following error.
    Argument of type '"scannerhome"' is not assignable to parameter of type 'never'.
app/scanner.tsx(1584,91): error TS2339: Property 'sharingCode' does not exist on type 'AxiosResponse<any, any, {}>'.
app/scanner.tsx(1618,34): error TS2339: Property 'message' does not exist on type 'AxiosResponse<any, any, {}>'.
app/scanner.tsx(1668,37): error TS2345: Argument of type '[string, { state: any; }]' is not assignable to parameter of type 'never'.
app/scanner.tsx(1675,63): error TS2769: No overload matches this call.
  Argument of type '[string]' is not assignable to parameter of type 'never'.
  Overload 2 of 2, '(options: never): void', gave the following error.
    Argument of type '"Login"' is not assignable to parameter of type 'never'.
app/scanner.tsx(1695,33): error TS2339: Property 'index' does not exist on type 'unknown'.
app/scanner.tsx(1713,25): error TS2345: Argument of type 'AxiosResponse<any, any, {}>' is not assignable to parameter of type 'SetStateAction<any[]>'.
app/scanner.tsx(1778,23): error TS2339: Property 'state' does not exist on type 'object'.
app/scanner.tsx(1779,43): error TS2339: Property 'state' does not exist on type 'object'.
app/scanner.tsx(1797,26): error TS2339: Property 'state' does not exist on type 'object'.
app/scanner.tsx(1805,28): error TS2339: Property 'state' does not exist on type 'object'.
app/scanner.tsx(1899,22): error TS2741: Property 'entryexit' is missing in type '{ scannerState: any; handleChange: (e: any) => void; type: never; }' but required in type '{ scannerState: any; type: any; handleChange: any; entryexit: any; }'.
app/scanner.tsx(2021,13): error TS2322: Type '{ closeModal: (output: any) => void; settings: {}; type: undefined; stock_symbol: any; }' is not assignable to type 'IntrinsicAttributes & { closeModal: any; settings: any; type: any; }'.
  Property 'stock_symbol' does not exist on type 'IntrinsicAttributes & { closeModal: any; settings: any; type: any; }'.
app/scannerfundamental.tsx(66,35): error TS2345: Argument of type '[string, { category: any; scanners: any; type: string; }]' is not assignable to parameter of type 'never'.
app/scannerfundamental.tsx(88,37): error TS2345: Argument of type '[string, { state: any; type: string; }]' is not assignable to parameter of type 'never'.
app/scannerfundamental.tsx(129,48): error TS2769: No overload matches this call.
  Argument of type '[string]' is not assignable to parameter of type 'never'.
  Overload 2 of 2, '(options: never): void', gave the following error.
    Argument of type '"scannerhome"' is not assignable to parameter of type 'never'.
app/scannerfundamental.tsx(138,37): error TS2345: Argument of type '[string, { type: string; }]' is not assignable to parameter of type 'never'.
app/scannerhome.tsx(29,57): error TS2339: Property 'alertsScanner' does not exist on type 'object'.
app/scannerhome.tsx(44,45): error TS2339: Property 'Login' does not exist on type 'unknown'.
app/scannerhome.tsx(45,52): error TS2339: Property 'Layout' does not exist on type 'unknown'.
app/scannerhome.tsx(141,25): error TS2345: Argument of type '[string, { state: any; type: string; }]' is not assignable to parameter of type 'never'.
app/scannerhome.tsx(162,23): error TS2345: Argument of type 'AxiosResponse<any, any, {}>' is not assignable to parameter of type 'SetStateAction<any[]>'.
app/scannerhome.tsx(163,31): error TS2345: Argument of type 'AxiosResponse<any, any, {}>' is not assignable to parameter of type 'SetStateAction<any[]>'.
app/scannerhome.tsx(302,18): error TS2345: Argument of type '[string, { type: string; }]' is not assignable to parameter of type 'never'.
app/scannerlist.tsx(19,5): error TS2339: Property 'category' does not exist on type '{}'.
app/scannerlist.tsx(20,5): error TS2339: Property 'scanners' does not exist on type '{}'.
app/scannerlist.tsx(21,5): error TS2339: Property 'type' does not exist on type '{}'.
app/scannerlist.tsx(22,5): error TS2339: Property 'alerts' does not exist on type '{}'.
app/scannerlist.tsx(80,29): error TS2345: Argument of type '[string, { state: any; type: string; }]' is not assignable to parameter of type 'never'.
app/scannerlist.tsx(157,35): error TS2769: No overload matches this call.
  Argument of type '[string]' is not assignable to parameter of type 'never'.
  Overload 2 of 2, '(options: never): void', gave the following error.
    Argument of type '"alerts" | "scannerhome"' is not assignable to parameter of type 'never'.
      Type '"alerts"' is not assignable to type 'never'.
app/scannerlist.tsx(167,35): error TS2345: Argument of type '[string, { type: string; }]' is not assignable to parameter of type 'never'.
app/scannermain.tsx(63,35): error TS2345: Argument of type '[string, { category: any; scanners: any; type: string; }]' is not assignable to parameter of type 'never'.
app/scannermain.tsx(85,37): error TS2345: Argument of type '[string, { state: any; type: string; }]' is not assignable to parameter of type 'never'.
app/scannermain.tsx(129,35): error TS2769: No overload matches this call.
  Argument of type '[string]' is not assignable to parameter of type 'never'.
  Overload 2 of 2, '(options: never): void', gave the following error.
    Argument of type '"scannerhome"' is not assignable to parameter of type 'never'.
app/scannermain.tsx(139,37): error TS2345: Argument of type '[string, { type: string; }]' is not assignable to parameter of type 'never'.
components/AdvancedBacktester/AdvancedBacktestHome.tsx(48,45): error TS2339: Property 'Login' does not exist on type 'unknown'.
components/AdvancedBacktester/AdvancedBacktestHome.tsx(49,52): error TS2339: Property 'Layout' does not exist on type 'unknown'.
components/AdvancedBacktester/AdvancedBacktestHome.tsx(175,25): error TS2345: Argument of type '[string, { filename: any; advanced: string; }]' is not assignable to parameter of type 'never'.
components/AdvancedBacktester/AdvancedBacktestHome.tsx(188,33): error TS2345: Argument of type '[string, { state: any; }]' is not assignable to parameter of type 'never'.
components/AdvancedBacktester/AdvancedBacktestHome.tsx(313,32): error TS2345: Argument of type 'AxiosResponse<any, any, {}>' is not assignable to parameter of type 'SetStateAction<any[]>'.
components/AdvancedBacktester/AdvancedBacktestHome.tsx(314,31): error TS2345: Argument of type 'AxiosResponse<any, any, {}>' is not assignable to parameter of type 'SetStateAction<any[]>'.
components/AdvancedBacktester/AdvancedBacktestHome.tsx(357,50): error TS2769: No overload matches this call.
  Argument of type '[string]' is not assignable to parameter of type 'never'.
  Overload 2 of 2, '(options: never): void', gave the following error.
    Argument of type '"advanced-backtester"' is not assignable to parameter of type 'never'.
components/AdvancedBacktester/AdvancedBacktestMain.tsx(40,45): error TS2339: Property 'Login' does not exist on type 'unknown'.
components/AdvancedBacktester/AdvancedBacktestMain.tsx(42,52): error TS2339: Property 'Layout' does not exist on type 'unknown'.
components/AdvancedBacktester/AdvancedBacktestMain.tsx(64,29): error TS2345: Argument of type '[string, { filename: any; advanced: string; strategyName: any; reEntry: string; }]' is not assignable to parameter of type 'never'.
components/AdvancedBacktester/AdvancedBacktestMain.tsx(78,25): error TS2769: No overload matches this call.
  Argument of type '[string]' is not assignable to parameter of type 'never'.
  Overload 2 of 2, '(options: never): void', gave the following error.
    Argument of type '"advanced-backtester-home"' is not assignable to parameter of type 'never'.
components/AdvancedBacktester/AdvancedBacktestMain.tsx(82,25): error TS2769: No overload matches this call.
  Argument of type '[string]' is not assignable to parameter of type 'never'.
  Overload 2 of 2, '(options: never): void', gave the following error.
    Argument of type '"advanced-backtester"' is not assignable to parameter of type 'never'.
components/AdvancedBacktester/AdvancedBacktestMain.tsx(145,35): error TS2551: Property 'cardSubtitle' does not exist on type '{ container: { flex: number; backgroundColor: string; paddingTop: number; }; pageContent: { flex: number; paddingHorizontal: number; }; headerContainer: { paddingBottom: number; flexDirection: "row"; justifyContent: "space-between"; flexWrap: "wrap"; gap: number; }; ... 38 more ...; loadMoreButtonText: { ...; }; }'. Did you mean 'cardTitle'?
components/AdvancedBacktester/index.tsx(50,54): error TS2339: Property 'AdvancedBacktester' does not exist on type 'unknown'.
components/AdvancedBacktester/index.tsx(51,45): error TS2339: Property 'Login' does not exist on type 'unknown'.
components/AdvancedBacktester/index.tsx(52,52): error TS2339: Property 'Layout' does not exist on type 'unknown'.
components/AdvancedBacktester/index.tsx(81,23): error TS2345: Argument of type 'AxiosResponse<any, any, {}>' is not assignable to parameter of type 'SetStateAction<any[]>'.
components/AdvancedBacktester/index.tsx(312,23): error TS2339: Property 'state' does not exist on type 'object'.
components/AdvancedBacktester/index.tsx(313,43): error TS2339: Property 'state' does not exist on type 'object'.
components/BasicBacktester/BasicBacktesterHomePage.tsx(958,45): error TS2339: Property 'Login' does not exist on type 'unknown'.
components/BasicBacktester/BasicBacktesterHomePage.tsx(959,52): error TS2339: Property 'Layout' does not exist on type 'unknown'.
components/BasicBacktester/BasicBacktesterHomePage.tsx(1011,27): error TS2345: Argument of type '[string, { filename: any; }]' is not assignable to parameter of type 'never'.
components/BasicBacktester/BasicBacktesterHomePage.tsx(1027,29): error TS2345: Argument of type '[string, { state: any; }]' is not assignable to parameter of type 'never'.
components/BasicBacktester/BasicBacktesterHomePage.tsx(1262,50): error TS2769: No overload matches this call.
  Argument of type '[string]' is not assignable to parameter of type 'never'.
  Overload 2 of 2, '(options: never): void', gave the following error.
    Argument of type '"basic-backtester"' is not assignable to parameter of type 'never'.
components/BasicBacktester/BasicBacktesterMainPage.tsx(40,45): error TS2339: Property 'Login' does not exist on type 'unknown'.
components/BasicBacktester/BasicBacktesterMainPage.tsx(75,29): error TS2345: Argument of type '[string, { filename: any; }]' is not assignable to parameter of type 'never'.
components/BasicBacktester/BasicBacktesterMainPage.tsx(90,25): error TS2769: No overload matches this call.
  Argument of type '[string]' is not assignable to parameter of type 'never'.
  Overload 2 of 2, '(options: never): void', gave the following error.
    Argument of type '"basic-backtester-home"' is not assignable to parameter of type 'never'.
components/BasicBacktester/BasicBacktesterMainPage.tsx(141,25): error TS2769: No overload matches this call.
  Argument of type '[string]' is not assignable to parameter of type 'never'.
  Overload 2 of 2, '(options: never): void', gave the following error.
    Argument of type '"basic-backtester"' is not assignable to parameter of type 'never'.
components/BasicBacktester/BasicBacktesterMainPage.tsx(151,29): error TS2345: Argument of type '[string, { state: any; }]' is not assignable to parameter of type 'never'.
components/BasicBacktester/BasicBacktesterMainPage2.tsx(32,45): error TS2339: Property 'Login' does not exist on type 'unknown'.
components/BasicBacktester/index.tsx(37,52): error TS2339: Property 'Layout' does not exist on type 'unknown'.
components/BasicBacktester/index.tsx(38,51): error TS2339: Property 'BasicBacktester' does not exist on type 'unknown'.
components/BasicBacktester/index.tsx(43,45): error TS2339: Property 'Login' does not exist on type 'unknown'.
components/BasicBacktester/index.tsx(131,9): error TS2304: Cannot find name 'updateStrategy'.
components/BasicBacktester/index.tsx(154,44): error TS2339: Property 'state' does not exist on type 'object'.
components/BasicBacktester/index.tsx(174,29): error TS2345: Argument of type '[string, { filename: string; }]' is not assignable to parameter of type 'never'.
components/BasicBacktester/MessageModal.tsx(54,19): error TS2322: Type '{ source: { html: string; }; style: { flex: number; minHeight: number; }; scalesPageToFit: boolean; }' is not assignable to type 'IntrinsicAttributes & ViewProps'.
  Property 'source' does not exist on type 'IntrinsicAttributes & ViewProps'.
components/BasicBacktester/ViewStrategy.tsx(50,45): error TS2339: Property 'Login' does not exist on type 'unknown'.
components/BasicBacktester/ViewStrategy.tsx(57,22): error TS2339: Property 'BasicBacktester' does not exist on type 'unknown'.
components/BasicBacktester/ViewStrategy.tsx(61,22): error TS2339: Property 'BasicBacktester' does not exist on type 'unknown'.
components/BasicBacktester/ViewStrategy.tsx(66,5): error TS2339: Property 'advanced' does not exist on type '{}'.
components/BasicBacktester/ViewStrategy.tsx(67,5): error TS2339: Property 'strategyName' does not exist on type '{}'.
components/BasicBacktester/ViewStrategy.tsx(68,5): error TS2339: Property 'reEntry' does not exist on type '{}'.
components/BasicBacktester/ViewStrategy.tsx(69,5): error TS2339: Property 'sid' does not exist on type '{}'.
components/BasicBacktester/ViewStrategy.tsx(70,5): error TS2339: Property 'uid' does not exist on type '{}'.
components/BasicBacktester/ViewStrategy.tsx(71,5): error TS2339: Property 'filename' does not exist on type '{}'.
components/BasicBacktester/ViewStrategy.tsx(200,38): error TS2339: Property 'editStrategyId' does not exist on type '{}'.
components/BasicBacktester/ViewStrategy.tsx(200,62): error TS2339: Property '_id' does not exist on type '{}'.
components/BasicBacktester/ViewStrategy.tsx(203,27): error TS2345: Argument of type '[string, { strategyData: { isEditing: boolean; editStrategyId: any; }; }]' is not assignable to parameter of type 'never'.
components/BasicBacktester/ViewStrategy.tsx(285,22): error TS2554: Expected 3 arguments, but got 2.
components/BasicBacktester/ViewStrategy.tsx(297,22): error TS2554: Expected 3 arguments, but got 2.
components/BasicBacktester/ViewStrategy.tsx(304,22): error TS2554: Expected 3 arguments, but got 2.
components/BasicBacktester/ViewStrategy.tsx(311,22): error TS2554: Expected 3 arguments, but got 2.
components/BasicBacktester/ViewStrategy.tsx(335,42): error TS2339: Property 'map' does not exist on type 'unknown'.
components/Chatbot/index.tsx(77,45): error TS2339: Property 'Login' does not exist on type 'unknown'.
components/HistoricalTrading/Watchlist.tsx(125,16): error TS2345: Argument of type '(dispatch: any) => Promise<void>' is not assignable to parameter of type 'UnknownAction'.
components/HistoricalTrading/Watchlist.tsx(153,29): error TS2339: Property 'map' does not exist on type 'AxiosResponse<any, any, {}>'.
components/HistoricalTrading/Watchlist.tsx(196,19): error TS2339: Property 'length' does not exist on type 'AxiosResponse<any, any, {}>'.
components/HistoricalTrading/Watchlist.tsx(211,43): error TS2339: Property 'filter' does not exist on type 'AxiosResponse<any, any, {}>'.
components/HistoricalTrading/Watchlist.tsx(246,26): error TS2339: Property 'watchlist' does not exist on type 'AxiosResponse<any, any, {}>'.
components/HistoricalTrading/Watchlist.tsx(264,26): error TS2339: Property 'watchlist' does not exist on type 'AxiosResponse<any, any, {}>'.
components/HistoricalTrading/Watchlist.tsx(272,7): error TS2322: Type 'Date' is not assignable to type 'string'.
components/HistoricalTrading/Watchlist.tsx(282,47): error TS2339: Property 'getTime' does not exist on type 'string'.
components/HistoricalTrading/Watchlist.tsx(283,7): error TS2322: Type 'Date' is not assignable to type 'string'.
components/HistoricalTrading/Watchlist.tsx(296,12): error TS2339: Property 'forEach' does not exist on type 'AxiosResponse<any, any, {}>'.
components/HistoricalTrading/Watchlist.tsx(320,25): error TS2339: Property 'expiry_date' does not exist on type 'AxiosResponse<any, any, {}>'.
components/HistoricalTrading/Watchlist.tsx(340,25): error TS2339: Property 'strike_price' does not exist on type 'AxiosResponse<any, any, {}>'.
components/HistoricalTrading/Watchlist.tsx(360,22): error TS2345: Argument of type 'number' is not assignable to parameter of type '(prevState: undefined) => undefined'.
components/HistoricalTrading/Watchlist.tsx(361,41): error TS2339: Property 'filter' does not exist on type 'AxiosResponse<any, any, {}>'.
components/HistoricalTrading/Watchlist.tsx(440,18): error TS2741: Property 'name' is missing in type '{ placeholder: string; options: any; selected: string; onChange: (val: any) => void; }' but required in type '{ options: any; selected: any; onChange: any; placeholder: any; name: any; disableTyping?: boolean; }'.
components/HistoricalTrading/Watchlist.tsx(453,18): error TS2741: Property 'name' is missing in type '{ placeholder: string; options: any; selected: string; onChange: Dispatch<SetStateAction<string>>; }' but required in type '{ options: any; selected: any; onChange: any; placeholder: any; name: any; disableTyping?: boolean; }'.
components/HistoricalTrading/Watchlist.tsx(463,18): error TS2741: Property 'name' is missing in type '{ placeholder: string; options: { label: string; value: string; }[]; selected: string; onChange: (val: any) => void; }' but required in type '{ options: any; selected: any; onChange: any; placeholder: any; name: any; disableTyping?: boolean; }'.
components/HistoricalTrading/Watchlist.tsx(477,20): error TS2741: Property 'name' is missing in type '{ placeholder: string; options: any; selected: undefined; onChange: (val: any) => void; }' but required in type '{ options: any; selected: any; onChange: any; placeholder: any; name: any; disableTyping?: boolean; }'.
components/Images/Bitcoin.tsx(12,5): error TS2322: Type '{ children: Element[]; width: NumberProp; height: NumberProp; viewBox?: string; preserveAspectRatio?: string; color?: ColorValue; title?: string; ... 147 more ...; xmlnsXlink: string; }' is not assignable to type 'IntrinsicAttributes & IntrinsicClassAttributes<Svg> & Pick<Readonly<SvgProps>, "pointerEvents" | ... 150 more ... | "fontVariationSettings"> & InexactPartial<...> & InexactPartial<...>'.
  Property 'xmlns' does not exist on type 'IntrinsicAttributes & IntrinsicClassAttributes<Svg> & Pick<Readonly<SvgProps>, "pointerEvents" | ... 150 more ... | "fontVariationSettings"> & InexactPartial<...> & InexactPartial<...>'.
components/Images/Ethereum.tsx(11,5): error TS2322: Type '{ children: Element[]; width: NumberProp; height: NumberProp; viewBox?: string; preserveAspectRatio?: string; color?: ColorValue; title?: string; ... 146 more ...; xmlns: string; }' is not assignable to type 'IntrinsicAttributes & IntrinsicClassAttributes<Svg> & Pick<Readonly<SvgProps>, "pointerEvents" | ... 150 more ... | "fontVariationSettings"> & InexactPartial<...> & InexactPartial<...>'.
  Property 'xmlns' does not exist on type 'IntrinsicAttributes & IntrinsicClassAttributes<Svg> & Pick<Readonly<SvgProps>, "pointerEvents" | ... 150 more ... | "fontVariationSettings"> & InexactPartial<...> & InexactPartial<...>'.
components/Images/Onboarding.tsx(11,5): error TS2322: Type '{ children: Element[]; width: NumberProp; height: NumberProp; viewBox?: string; preserveAspectRatio?: string; color?: ColorValue; title?: string; ... 146 more ...; xmlns: string; }' is not assignable to type 'IntrinsicAttributes & IntrinsicClassAttributes<Svg> & Pick<Readonly<SvgProps>, "pointerEvents" | ... 150 more ... | "fontVariationSettings"> & InexactPartial<...> & InexactPartial<...>'.
  Property 'xmlns' does not exist on type 'IntrinsicAttributes & IntrinsicClassAttributes<Svg> & Pick<Readonly<SvgProps>, "pointerEvents" | ... 150 more ... | "fontVariationSettings"> & InexactPartial<...> & InexactPartial<...>'.
components/Images/Onboarding2.tsx(13,5): error TS2322: Type '{ children: Element[]; width: NumberProp; height: NumberProp; viewBox?: string; preserveAspectRatio?: string; color?: ColorValue; title?: string; ... 146 more ...; xmlns: string; }' is not assignable to type 'IntrinsicAttributes & IntrinsicClassAttributes<Svg> & Pick<Readonly<SvgProps>, "pointerEvents" | ... 150 more ... | "fontVariationSettings"> & InexactPartial<...> & InexactPartial<...>'.
  Property 'xmlns' does not exist on type 'IntrinsicAttributes & IntrinsicClassAttributes<Svg> & Pick<Readonly<SvgProps>, "pointerEvents" | ... 150 more ... | "fontVariationSettings"> & InexactPartial<...> & InexactPartial<...>'.
components/Images/Onboarding2.tsx(826,8): error TS2745: This JSX tag's 'children' prop expects type 'ReactElement<unknown, string | JSXElementConstructor<any>>[]' which requires multiple children, but only a single child was provided.
components/Images/Onboarding2.tsx(851,8): error TS2745: This JSX tag's 'children' prop expects type 'ReactElement<unknown, string | JSXElementConstructor<any>>[]' which requires multiple children, but only a single child was provided.
components/Images/Onboarding2.tsx(861,8): error TS2745: This JSX tag's 'children' prop expects type 'ReactElement<unknown, string | JSXElementConstructor<any>>[]' which requires multiple children, but only a single child was provided.
components/Images/Onboarding2.tsx(884,8): error TS2745: This JSX tag's 'children' prop expects type 'ReactElement<unknown, string | JSXElementConstructor<any>>[]' which requires multiple children, but only a single child was provided.
components/Images/Onboarding2.tsx(894,8): error TS2745: This JSX tag's 'children' prop expects type 'ReactElement<unknown, string | JSXElementConstructor<any>>[]' which requires multiple children, but only a single child was provided.
components/Images/Onboarding2.tsx(931,8): error TS2745: This JSX tag's 'children' prop expects type 'ReactElement<unknown, string | JSXElementConstructor<any>>[]' which requires multiple children, but only a single child was provided.
components/Images/Onboarding3.tsx(19,5): error TS2322: Type '{ children: Element[]; width: NumberProp; height: NumberProp; viewBox?: string; preserveAspectRatio?: string; color?: ColorValue; title?: string; ... 147 more ...; xmlnsXlink: string; }' is not assignable to type 'IntrinsicAttributes & IntrinsicClassAttributes<Svg> & Pick<Readonly<SvgProps>, "pointerEvents" | ... 150 more ... | "fontVariationSettings"> & InexactPartial<...> & InexactPartial<...>'.
  Property 'xmlns' does not exist on type 'IntrinsicAttributes & IntrinsicClassAttributes<Svg> & Pick<Readonly<SvgProps>, "pointerEvents" | ... 150 more ... | "fontVariationSettings"> & InexactPartial<...> & InexactPartial<...>'.
components/Images/Solana.tsx(11,5): error TS2322: Type '{ children: Element[]; width: NumberProp; height: NumberProp; viewBox?: string; preserveAspectRatio?: string; color?: ColorValue; title?: string; ... 146 more ...; xmlns: string; }' is not assignable to type 'IntrinsicAttributes & IntrinsicClassAttributes<Svg> & Pick<Readonly<SvgProps>, "pointerEvents" | ... 150 more ... | "fontVariationSettings"> & InexactPartial<...> & InexactPartial<...>'.
  Property 'xmlns' does not exist on type 'IntrinsicAttributes & IntrinsicClassAttributes<Svg> & Pick<Readonly<SvgProps>, "pointerEvents" | ... 150 more ... | "fontVariationSettings"> & InexactPartial<...> & InexactPartial<...>'.
components/LeadsDashboard/MyEarnings.tsx(84,14): error TS2345: Argument of type '(dispatch: any) => void' is not assignable to parameter of type 'UnknownAction'.
components/LeadsDashboard/MyEarnings.tsx(112,23): error TS2339: Property 'id' does not exist on type 'unknown'.
components/LeadsDashboard/MyEarnings.tsx(117,46): error TS2339: Property 'month' does not exist on type 'unknown'.
components/LeadsDashboard/MyEarnings.tsx(121,14): error TS2339: Property 'brokerage' does not exist on type 'unknown'.
components/LeadsDashboard/MyEarnings.tsx(126,14): error TS2339: Property 'share' does not exist on type 'unknown'.
components/LeadsDashboard/MyEarnings.tsx(150,48): error TS2339: Property 'amountColumn' does not exist on type '{ container: { flex: number; gap: number; backgroundColor: string; }; loadingContainer: { flex: number; justifyContent: "center"; alignItems: "center"; }; loadingText: { marginTop: number; color: string; fontSize: number; }; ... 28 more ...; viewLink: { ...; }; }'.
components/LeadsDashboard/StrategyEarnings.tsx(79,14): error TS2345: Argument of type '(dispatch: any) => void' is not assignable to parameter of type 'UnknownAction'.
components/LeadsDashboard/widgets.tsx(78,45): error TS2339: Property 'Wallet' does not exist on type 'unknown'.
components/LeadsDashboard/widgets.tsx(79,43): error TS2339: Property 'Login' does not exist on type 'unknown'.
components/NavbarLayout.tsx(95,14): error TS2345: Argument of type '(dispatch: any) => Promise<void>' is not assignable to parameter of type 'UnknownAction'.
components/NavbarLayout.tsx(107,26): error TS2345: Argument of type '"login"' is not assignable to parameter of type '"/dashboard" | "/chatbot" | "/fundamental" | "/historical" | "/scannermain" | "/scannerfundamental" | "/basic-backtester-main" | "/advanced-backtester-main" | "/simulator" | ... 118 more ... | { ...; }'.
components/OnBoardingPage.tsx(79,84): error TS2769: No overload matches this call.
  Argument of type '[string]' is not assignable to parameter of type 'never'.
  Overload 2 of 2, '(options: never): void', gave the following error.
    Argument of type '"registerpage"' is not assignable to parameter of type 'never'.
components/OptionSimulator/index.tsx(137,18): error TS2339: Property 'length' does not exist on type 'AxiosResponse<any, any, {}>'.
components/OptionSimulator/index.tsx(138,22): error TS2345: Argument of type 'AxiosResponse<any, any, {}>' is not assignable to parameter of type 'SetStateAction<any[]>'.
components/OptionSimulator/index.tsx(347,29): error TS2339: Property 'expiry_date' does not exist on type 'AxiosResponse<any, any, {}>'.
components/OptionSimulator/index.tsx(350,40): error TS2339: Property 'expiry_date' does not exist on type 'AxiosResponse<any, any, {}>'.
components/OptionSimulator/index.tsx(389,29): error TS2339: Property 'spotPrice' does not exist on type 'AxiosResponse<any, any, {}>'.
components/OptionSimulator/index.tsx(389,46): error TS2339: Property 'spotPrice' does not exist on type 'AxiosResponse<any, any, {}>'.
components/OptionSimulator/index.tsx(390,31): error TS2339: Property 'futPrice' does not exist on type 'AxiosResponse<any, any, {}>'.
components/OptionSimulator/index.tsx(390,47): error TS2339: Property 'futPrice' does not exist on type 'AxiosResponse<any, any, {}>'.
components/OptionSimulator/index.tsx(391,28): error TS2339: Property 'lotSize' does not exist on type 'AxiosResponse<any, any, {}>'.
components/OptionSimulator/index.tsx(392,29): error TS2339: Property 'multiple' does not exist on type 'AxiosResponse<any, any, {}>'.
components/OptionSimulator/index.tsx(757,13): error TS2322: Type '{ setPositions: Dispatch<SetStateAction<any[]>>; positions: any[]; optionChain: any[]; getOptionChain: (customDateTime?: any) => Promise<void>; selectedInstrument: { ...; }; selectedExpiry: any; expiry: { ...; }[]; }' is not assignable to type 'IntrinsicAttributes & { setPositions: any; selectedExpiry: any; selectedInstrument: any; getOptionChain: any; optionChain: any; expiry: any; }'.
  Property 'positions' does not exist on type 'IntrinsicAttributes & { setPositions: any; selectedExpiry: any; selectedInstrument: any; getOptionChain: any; optionChain: any; expiry: any; }'. Did you mean 'setPositions'?
components/OptionSimulator/PreBuildStrategies.tsx(938,22): error TS2307: Cannot find module '../../assets/images/svg/payoff-chart-svg/LongCall.svg' or its corresponding type declarations.
components/OptionSimulator/PreBuildStrategies.tsx(939,20): error TS2307: Cannot find module '../../assets/images/svg/payoff-chart-svg/Batman.svg' or its corresponding type declarations.
components/OptionSimulator/PreBuildStrategies.tsx(940,28): error TS2307: Cannot find module '../../assets/images/svg/payoff-chart-svg/BearCallSpread.svg' or its corresponding type declarations.
components/OptionSimulator/PreBuildStrategies.tsx(941,30): error TS2307: Cannot find module '../../assets/images/svg/payoff-chart-svg/BearishButterfly.svg' or its corresponding type declarations.
components/OptionSimulator/PreBuildStrategies.tsx(942,27): error TS2307: Cannot find module '../../assets/images/svg/payoff-chart-svg/BearishCondor.svg' or its corresponding type declarations.
components/OptionSimulator/PreBuildStrategies.tsx(943,27): error TS2307: Cannot find module '../../assets/images/svg/payoff-chart-svg/BearPutSpread.svg' or its corresponding type declarations.
components/OptionSimulator/PreBuildStrategies.tsx(944,28): error TS2307: Cannot find module '../../assets/images/svg/payoff-chart-svg/BullCallSpread.svg' or its corresponding type declarations.
components/OptionSimulator/PreBuildStrategies.tsx(945,30): error TS2307: Cannot find module '../../assets/images/svg/payoff-chart-svg/BullishButterfly.svg' or its corresponding type declarations.
components/OptionSimulator/PreBuildStrategies.tsx(946,27): error TS2307: Cannot find module '../../assets/images/svg/payoff-chart-svg/BullishCondor.svg' or its corresponding type declarations.
components/OptionSimulator/PreBuildStrategies.tsx(947,27): error TS2307: Cannot find module '../../assets/images/svg/payoff-chart-svg/BullPutSpread.svg' or its corresponding type declarations.
components/OptionSimulator/PreBuildStrategies.tsx(948,26): error TS2307: Cannot find module '../../assets/images/svg/payoff-chart-svg/CallCalendar.svg' or its corresponding type declarations.
components/OptionSimulator/PreBuildStrategies.tsx(949,33): error TS2307: Cannot find module '../../assets/images/svg/payoff-chart-svg/CallRatioBackSpread.svg' or its corresponding type declarations.
components/OptionSimulator/PreBuildStrategies.tsx(950,29): error TS2307: Cannot find module '../../assets/images/svg/payoff-chart-svg/CallRatioSpread.svg' or its corresponding type declarations.
components/OptionSimulator/PreBuildStrategies.tsx(951,36): error TS2307: Cannot find module '../../assets/images/svg/payoff-chart-svg/DiagonalCalendarSpread.svg' or its corresponding type declarations.
components/OptionSimulator/PreBuildStrategies.tsx(952,26): error TS2307: Cannot find module '../../assets/images/svg/payoff-chart-svg/DoubleCondor.svg' or its corresponding type declarations.
components/OptionSimulator/PreBuildStrategies.tsx(953,23): error TS2307: Cannot find module '../../assets/images/svg/payoff-chart-svg/DoubleFly.svg' or its corresponding type declarations.
components/OptionSimulator/PreBuildStrategies.tsx(954,24): error TS2307: Cannot find module '../../assets/images/svg/payoff-chart-svg/JadeLizard.svg' or its corresponding type declarations.
components/OptionSimulator/PreBuildStrategies.tsx(955,28): error TS2307: Cannot find module '../../assets/images/svg/payoff-chart-svg/LongIronCondor.svg' or its corresponding type declarations.
components/OptionSimulator/PreBuildStrategies.tsx(956,25): error TS2307: Cannot find module '../../assets/images/svg/payoff-chart-svg/LongIronFly.svg' or its corresponding type declarations.
components/OptionSimulator/PreBuildStrategies.tsx(957,21): error TS2307: Cannot find module '../../assets/images/svg/payoff-chart-svg/LongPut.svg' or its corresponding type declarations.
components/OptionSimulator/PreBuildStrategies.tsx(958,26): error TS2307: Cannot find module '../../assets/images/svg/payoff-chart-svg/LongStraddle.svg' or its corresponding type declarations.
components/OptionSimulator/PreBuildStrategies.tsx(959,26): error TS2307: Cannot find module '../../assets/images/svg/payoff-chart-svg/LongStrangle.svg' or its corresponding type declarations.
components/OptionSimulator/PreBuildStrategies.tsx(960,33): error TS2307: Cannot find module '../../assets/images/svg/payoff-chart-svg/LongSyntheticFuture.svg' or its corresponding type declarations.
components/OptionSimulator/PreBuildStrategies.tsx(961,25): error TS2307: Cannot find module '../../assets/images/svg/payoff-chart-svg/PutCalendar.svg' or its corresponding type declarations.
components/OptionSimulator/PreBuildStrategies.tsx(962,32): error TS2307: Cannot find module '../../assets/images/svg/payoff-chart-svg/PutRatioBackSpread.svg' or its corresponding type declarations.
components/OptionSimulator/PreBuildStrategies.tsx(963,28): error TS2307: Cannot find module '../../assets/images/svg/payoff-chart-svg/PutRatioSpread.svg' or its corresponding type declarations.
components/OptionSimulator/PreBuildStrategies.tsx(964,26): error TS2307: Cannot find module '../../assets/images/svg/payoff-chart-svg/RangeForward.svg' or its corresponding type declarations.
components/OptionSimulator/PreBuildStrategies.tsx(965,31): error TS2307: Cannot find module '../../assets/images/svg/payoff-chart-svg/ReverseJadeLizard.svg' or its corresponding type declarations.
components/OptionSimulator/PreBuildStrategies.tsx(966,26): error TS2307: Cannot find module '../../assets/images/svg/payoff-chart-svg/RiskReversal.svg' or its corresponding type declarations.
components/OptionSimulator/PreBuildStrategies.tsx(967,23): error TS2307: Cannot find module '../../assets/images/svg/payoff-chart-svg/ShortCall.svg' or its corresponding type declarations.
components/OptionSimulator/PreBuildStrategies.tsx(968,29): error TS2307: Cannot find module '../../assets/images/svg/payoff-chart-svg/ShortIronCondor.svg' or its corresponding type declarations.
components/OptionSimulator/PreBuildStrategies.tsx(969,26): error TS2307: Cannot find module '../../assets/images/svg/payoff-chart-svg/ShortIronFly.svg' or its corresponding type declarations.
components/OptionSimulator/PreBuildStrategies.tsx(970,22): error TS2307: Cannot find module '../../assets/images/svg/payoff-chart-svg/ShortPut.svg' or its corresponding type declarations.
components/OptionSimulator/PreBuildStrategies.tsx(971,27): error TS2307: Cannot find module '../../assets/images/svg/payoff-chart-svg/ShortStraddle.svg' or its corresponding type declarations.
components/OptionSimulator/PreBuildStrategies.tsx(972,27): error TS2307: Cannot find module '../../assets/images/svg/payoff-chart-svg/ShortStrangle.svg' or its corresponding type declarations.
components/OptionSimulator/PreBuildStrategies.tsx(973,34): error TS2307: Cannot find module '../../assets/images/svg/payoff-chart-svg/ShortSyntheticFuture.svg' or its corresponding type declarations.
components/OptionSimulator/PreBuildStrategies.tsx(1067,31): error TS2345: Argument of type 'number' is not assignable to parameter of type 'string'.
components/OptionSimulator/StrategyPositions/chart.tsx(13,8): error TS2307: Cannot find module 'recharts' or its corresponding type declarations.
components/OptionSimulator/StrategyPositions/chart.tsx(73,31): error TS2345: Argument of type 'number' is not assignable to parameter of type 'string'.
components/OptionSimulator/StrategyPositions/chart.tsx(88,28): error TS2488: Type 'AxiosResponse<any, any, {}>' must have a '[Symbol.iterator]()' method that returns an iterator.
components/OptionSimulator/StrategyPositions/chart.tsx(89,31): error TS2339: Property 'map' does not exist on type 'AxiosResponse<any, any, {}>'.
components/OptionSimulator/StrategyPositions/chartTest.tsx(384,9): error TS2345: Argument of type 'number' is not assignable to parameter of type 'string'.
components/OptionSimulator/StrategyPositions/chartTest.tsx(396,24): error TS2339: Property 'length' does not exist on type 'AxiosResponse<any, any, {}>'.
components/OptionSimulator/StrategyPositions/chartTest.tsx(470,7): error TS2322: Type 'string' is not assignable to type 'number'.
components/OptionSimulator/StrategyPositions/chartTest.tsx(488,7): error TS2322: Type 'string' is not assignable to type 'number'.
components/OptionSimulator/StrategyPositions/chartTest.tsx(601,15): error TS2322: Type '"xy"' is not assignable to type 'ZoomDimensionType'.
components/OptionSimulator/StrategyPositions/greeks.tsx(87,20): error TS2448: Block-scoped variable 'styles' used before its declaration.
components/OptionSimulator/StrategyPositions/greeks.tsx(90,13): error TS2448: Block-scoped variable 'styles' used before its declaration.
components/OptionSimulator/StrategyPositions/index.tsx(116,7): error TS2322: Type 'string' is not assignable to type 'number'.
components/OptionSimulator/StrategyPositions/index.tsx(117,7): error TS2322: Type 'string' is not assignable to type 'number'.
components/OptionSimulator/StrategyPositions/index.tsx(118,7): error TS2322: Type 'string' is not assignable to type 'number'.
components/OptionSimulator/StrategyPositions/index.tsx(119,7): error TS2322: Type 'string' is not assignable to type 'number'.
components/OptionSimulator/StrategyPositions/ProfitAndLoss.tsx(148,38): error TS2339: Property 'close' does not exist on type 'AxiosResponse<any, any, {}>'.
components/OptionSimulator/StrategyPositions/ProfitAndLoss.tsx(167,38): error TS2345: Argument of type 'number' is not assignable to parameter of type 'string'.
components/Pricing/Billing.tsx(576,33): error TS2345: Argument of type 'number' is not assignable to parameter of type 'string'.
components/Pricing/Pricing.tsx(538,16): error TS2345: Argument of type '(dispatch: any) => Promise<void>' is not assignable to parameter of type 'UnknownAction'.
components/Pricing/StrategyBilling.tsx(61,27): error TS2345: Argument of type 'string' is not assignable to parameter of type 'SetStateAction<number>'.
components/Pricing/StrategyBilling.tsx(89,37): error TS2345: Argument of type 'number' is not assignable to parameter of type 'string'.
components/Pricing/StrategyBilling.tsx(125,31): error TS2339: Property 'message' does not exist on type 'AxiosResponse<any, any, {}>'.
components/Scanner/ScannerHomePage.tsx(19,8): error TS2307: Cannot find module 'reactstrap' or its corresponding type declarations.
components/Scanner/ScannerHomePage.tsx(25,35): error TS2307: Cannot find module 'react-router-dom' or its corresponding type declarations.
components/Scanner/ScannerHomePage.tsx(28,39): error TS2307: Cannot find module 'react-toastify' or its corresponding type declarations.
components/Scanner/ScannerHomePage.tsx(29,26): error TS2307: Cannot find module '../../../Components/UnflukeMain/BasicBacktester/StrategyLegs/utils' or its corresponding type declarations.
components/Scanner/ScannerHomePage.tsx(33,8): error TS2307: Cannot find module '../../../Components/UnflukeMain/Utils/common_vars' or its corresponding type declarations.
components/Scanner/ScannerHomePage.tsx(48,45): error TS2339: Property 'Login' does not exist on type 'unknown'.
components/Scanner/ScannerHomePage.tsx(50,52): error TS2339: Property 'Layout' does not exist on type 'unknown'.
components/Scanner/ScannerHomePage.tsx(197,23): error TS2345: Argument of type 'AxiosResponse<any, any, {}>' is not assignable to parameter of type 'SetStateAction<any[]>'.
components/Scanner/ScannerHomePage.tsx(312,25): error TS2322: Type '{ columns: ({ header: string; accessorKey: string; enableColumnFilter: boolean; cell: (cell: any) => Element; } | { header: string; accessorKey: string; enableColumnFilter: boolean; cell?: undefined; } | { ...; })[]; ... 9 more ...; SearchPlaceholder: string; }' is not assignable to type 'IntrinsicAttributes & { columns: any; data: any; isGlobalFilter: any; customPageSize: any; tableClass: any; theadClass: any; trClass: any; thClass: any; divClass: any; ... 5 more ...; onToggleMonetize: any; }'.
  Property 'isAddUserList' does not exist on type 'IntrinsicAttributes & { columns: any; data: any; isGlobalFilter: any; customPageSize: any; tableClass: any; theadClass: any; trClass: any; thClass: any; divClass: any; ... 5 more ...; onToggleMonetize: any; }'.
components/screens/Dashboard.tsx(12,19): error TS2307: Cannot find module '../../assets/images/DashboardImages/AIBot_new.png' or its corresponding type declarations.
components/screens/Dashboard.tsx(13,25): error TS2307: Cannot find module '../../assets/images/DashboardImages/fundamental_new.png' or its corresponding type declarations.
components/screens/Dashboard.tsx(14,24): error TS2307: Cannot find module '../../assets/images/DashboardImages/historical.png' or its corresponding type declarations.
components/screens/Dashboard.tsx(15,20): error TS2307: Cannot find module '../../assets/images/DashboardImages/option.png' or its corresponding type declarations.
components/screens/Dashboard.tsx(16,22): error TS2307: Cannot find module '../../assets/images/DashboardImages/indicator_new.png' or its corresponding type declarations.
components/screens/Dashboard.tsx(17,22): error TS2307: Cannot find module '../../assets/images/DashboardImages/strategy_charts_new.png' or its corresponding type declarations.
components/screens/Dashboard.tsx(18,20): error TS2307: Cannot find module '../../assets/images/DashboardImages/alert.png' or its corresponding type declarations.
components/screens/Dashboard.tsx(19,21): error TS2307: Cannot find module '../../assets/images/DashboardImages/Scanner_new.png' or its corresponding type declarations.
components/screens/Dashboard.tsx(20,26): error TS2307: Cannot find module '../../assets/images/DashboardImages/time_based_backtesting_new.png' or its corresponding type declarations.
components/screens/Dashboard.tsx(135,76): error TS2769: No overload matches this call.
  Argument of type '[string]' is not assignable to parameter of type 'never'.
  Overload 2 of 2, '(options: never): void', gave the following error.
    Argument of type 'string' is not assignable to parameter of type 'never'.
components/screens/ProfileScreen.tsx(137,28): error TS2339: Property 'msg' does not exist on type 'AxiosResponse<any, any, {}>'.
components/screens/ProfileScreen.tsx(137,70): error TS2339: Property 'msg' does not exist on type 'AxiosResponse<any, any, {}>'.
components/screens/ProfileScreen.tsx(141,68): error TS2339: Property 'user' does not exist on type 'AxiosResponse<any, any, {}>'.
components/screens/ProfileScreen.tsx(161,33): error TS2339: Property 'msg' does not exist on type 'AxiosResponse<any, any, {}>'.
components/screens/ProfileScreen.tsx(289,16): error TS2339: Property 'phone' does not exist on type 'AxiosResponse<any, any, {}>'.
components/screens/ProfileScreen.tsx(290,14): error TS2339: Property 'email' does not exist on type 'AxiosResponse<any, any, {}>'.
components/screens/ProfileScreen.tsx(302,23): error TS2339: Property 'msg' does not exist on type 'AxiosResponse<any, any, {}>'.
components/screens/ProfileScreen.tsx(340,11): error TS2322: Type 'number' is not assignable to type 'string'.
components/screens/ProfileScreen.tsx(341,11): error TS2322: Type 'number' is not assignable to type 'string'.
components/screens/ProfileScreen.tsx(342,11): error TS2322: Type 'number' is not assignable to type 'string'.
components/screens/ProfileScreen.tsx(343,11): error TS2322: Type 'number' is not assignable to type 'string'.
components/screens/ProfileScreen.tsx(344,11): error TS2322: Type 'number' is not assignable to type 'string'.
components/screens/ProfileScreen.tsx(352,16): error TS2345: Argument of type '(dispatch: any) => Promise<void>' is not assignable to parameter of type 'UnknownAction'.
components/screens/ProfileScreen.tsx(562,47): error TS2339: Property 'rightCardContent' does not exist on type '{ container: { flex: number; backgroundColor: string; paddingTop: number; }; content: { padding: number; paddingBottom: number; }; rowLayout: { flexDirection: "row"; gap: number; }; columnLayout: { flexDirection: "column"; gap: number; }; ... 77 more ...; updateButtonText: { ...; }; }'.
components/SearchOption.tsx(26,18): error TS2345: Argument of type 'undefined[] | AxiosResponse<any, any, {}>' is not assignable to parameter of type 'SetStateAction<any[]>'.
  Type 'AxiosResponse<any, any, {}>' is not assignable to type 'SetStateAction<any[]>'.
components/ui/BalanceSheet/BalanceSheetTable.tsx(34,28): error TS2339: Property 'headings' does not exist on type 'AxiosResponse<any, any, {}>'.
components/ui/BalanceSheet/BalanceSheetTable.tsx(35,27): error TS2339: Property 'results' does not exist on type 'AxiosResponse<any, any, {}>'.
components/ui/BalanceSheet/BalanceSheetTable.tsx(36,40): error TS2339: Property 'results' does not exist on type 'AxiosResponse<any, any, {}>'.
components/ui/BankRatio/BankRatio.tsx(40,54): error TS2339: Property 'results' does not exist on type 'AxiosResponse<any, any, {}>'.
components/ui/BankRatio/BankRatio.tsx(43,28): error TS2339: Property 'headings' does not exist on type 'AxiosResponse<any, any, {}>'.
components/ui/BankRatio/BankRatio.tsx(44,27): error TS2339: Property 'results' does not exist on type 'AxiosResponse<any, any, {}>'.
components/ui/BankRatio/BankRatio.tsx(45,40): error TS2339: Property 'results' does not exist on type 'AxiosResponse<any, any, {}>'.
components/ui/BulkAndBlockDealsTable/BulkAndBlockDealsTable.tsx(33,45): error TS2339: Property 'pages' does not exist on type 'AxiosResponse<any, any, {}>'.
components/ui/BulkAndBlockDealsTable/BulkAndBlockDealsTable.tsx(34,54): error TS2339: Property 'results' does not exist on type 'AxiosResponse<any, any, {}>'.
components/ui/BulkAndBlockDealsTable/BulkAndBlockDealsTable.tsx(35,27): error TS2339: Property 'results' does not exist on type 'AxiosResponse<any, any, {}>'.
components/ui/BulkAndBlockDealsTable/BulkAndBlockDealsTable.tsx(38,36): error TS2339: Property 'headings' does not exist on type 'AxiosResponse<any, any, {}>'.
components/ui/BulkAndBlockDealsTable/BulkAndBlockDealsTable.tsx(38,58): error TS2339: Property 'headings' does not exist on type 'AxiosResponse<any, any, {}>'.
components/ui/BulkAndBlockDealsTable/BulkAndBlockDealsTable.tsx(65,47): error TS2339: Property 'pages' does not exist on type 'AxiosResponse<any, any, {}>'.
components/ui/BulkAndBlockDealsTable/BulkAndBlockDealsTable.tsx(66,56): error TS2339: Property 'results' does not exist on type 'AxiosResponse<any, any, {}>'.
components/ui/BulkAndBlockDealsTable/BulkAndBlockDealsTable.tsx(67,28): error TS2339: Property 'results' does not exist on type 'AxiosResponse<any, any, {}>'.
components/ui/BulkAndBlockDealsTable/BulkAndBlockDealsTable.tsx(70,37): error TS2339: Property 'headings' does not exist on type 'AxiosResponse<any, any, {}>'.
components/ui/BulkAndBlockDealsTable/BulkAndBlockDealsTable.tsx(70,60): error TS2339: Property 'headings' does not exist on type 'AxiosResponse<any, any, {}>'.
components/ui/CashFlowTable/CashFLowTable.tsx(375,40): error TS2339: Property 'rows' does not exist on type 'AxiosResponse<any, any, {}>'.
components/ui/CashFlowTable/CashFLowTable.tsx(376,22): error TS2345: Argument of type 'AxiosResponseHeaders | Partial<RawAxiosHeaders & { "Content-Length": AxiosHeaderValue; "Content-Encoding": AxiosHeaderValue; "Content-Type": AxiosHeaderValue; Server: AxiosHeaderValue; "Cache-Control": AxiosHeaderValue; } & { ...; }>' is not assignable to parameter of type 'SetStateAction<any[]>'.
  Type 'AxiosResponseHeaders' is not assignable to type 'SetStateAction<any[]>'.
    Type 'Partial<RawAxiosHeaders & { "Content-Length": AxiosHeaderValue; "Content-Encoding": AxiosHeaderValue; "Content-Type": AxiosHeaderValue; Server: AxiosHeaderValue; "Cache-Control": AxiosHeaderValue; } & { ...; }> & AxiosHeaders' is missing the following properties from type 'any[]': length, pop, push, join, and 33 more.
components/ui/CashFlowTable/CashFLowTable.tsx(377,26): error TS2339: Property 'rows' does not exist on type 'AxiosResponse<any, any, {}>'.
components/ui/CashFlowTable/CashFLowTable.tsx(382,26): error TS2339: Property 'headings' does not exist on type 'AxiosResponse<any, any, {}>'.
components/ui/CashFlowTable/CashFLowTable.tsx(382,46): error TS2339: Property 'results' does not exist on type 'AxiosResponse<any, any, {}>'.
components/ui/CashFlowTable/CashFLowTable.tsx(383,44): error TS2339: Property 'results' does not exist on type 'AxiosResponse<any, any, {}>'.
components/ui/CashFlowTable/CashFLowTable.tsx(387,34): error TS2339: Property 'headings' does not exist on type 'AxiosResponse<any, any, {}>'.
components/ui/CashFlowTable/CashFLowTable.tsx(391,32): error TS2339: Property 'results' does not exist on type 'AxiosResponse<any, any, {}>'.
components/ui/CorporateEventsTable/CorporateEventsTable.tsx(518,33): error TS2339: Property 'pages' does not exist on type 'AxiosResponse<any, any, {}>'.
components/ui/CorporateEventsTable/CorporateEventsTable.tsx(519,31): error TS2339: Property 'results' does not exist on type 'AxiosResponse<any, any, {}>'.
components/ui/CorporateEventsTable/CorporateEventsTable.tsx(529,23): error TS2339: Property 'results' does not exist on type 'AxiosResponse<any, any, {}>'.
components/ui/CorporateEventsTable/CorporateEventsTable.tsx(530,51): error TS2339: Property 'results' does not exist on type 'AxiosResponse<any, any, {}>'.
components/ui/DailyRatios/DailyRatios.tsx(295,27): error TS2339: Property 'wrapper' does not exist on type '{ container: { flex: number; }; loadingContainer: { flex: number; justifyContent: "center"; alignItems: "center"; minHeight: number; }; noDataContainer: { padding: number; alignItems: "center"; }; ... 24 more ...; emptyChartTextDark: { ...; }; }'.
components/ui/Documents/Documents.tsx(440,21): error TS2339: Property 'code' does not exist on type 'AxiosResponse<any, any, {}>'.
components/ui/Documents/Documents.tsx(442,42): error TS2339: Property 'code' does not exist on type 'AxiosResponse<any, any, {}>'.
components/ui/Documents/Documents.tsx(447,28): error TS2339: Property 'ASCR' does not exist on type 'AxiosResponse<any, any, {}>'.
components/ui/Documents/Documents.tsx(448,36): error TS2339: Property 'AnnualReport' does not exist on type 'AxiosResponse<any, any, {}>'.
components/ui/Documents/Documents.tsx(449,37): error TS2339: Property 'Announcement' does not exist on type 'AxiosResponse<any, any, {}>'.
components/ui/Documents/Documents.tsx(450,38): error TS2339: Property 'ConferenceCalls' does not exist on type 'AxiosResponse<any, any, {}>'.
components/ui/Documents/Documents.tsx(451,36): error TS2339: Property 'CreditRating' does not exist on type 'AxiosResponse<any, any, {}>'.
components/ui/Documents/Documents.tsx(452,33): error TS2339: Property 'code' does not exist on type 'AxiosResponse<any, any, {}>'.
components/ui/ProfitLossTable/ProfitLossTable.tsx(32,28): error TS2339: Property 'headings' does not exist on type 'AxiosResponse<any, any, {}>'.
components/ui/ProfitLossTable/ProfitLossTable.tsx(33,27): error TS2339: Property 'results' does not exist on type 'AxiosResponse<any, any, {}>'.
components/ui/ProfitLossTable/ProfitLossTable.tsx(34,40): error TS2339: Property 'results' does not exist on type 'AxiosResponse<any, any, {}>'.
components/ui/QuaterlyResults/QuaterlyResultsTable.tsx(32,28): error TS2339: Property 'headings' does not exist on type 'AxiosResponse<any, any, {}>'.
components/ui/QuaterlyResults/QuaterlyResultsTable.tsx(33,27): error TS2339: Property 'results' does not exist on type 'AxiosResponse<any, any, {}>'.
components/ui/QuaterlyResults/QuaterlyResultsTable.tsx(34,40): error TS2339: Property 'results' does not exist on type 'AxiosResponse<any, any, {}>'.
components/ui/RatiosTable/RatiosTable.tsx(179,34): error TS2339: Property 'results' does not exist on type 'AxiosResponse<any, any, {}>'.
components/ui/RatiosTable/RatiosTable.tsx(181,33): error TS2339: Property 'results' does not exist on type 'AxiosResponse<any, any, {}>'.
components/ui/RatiosTable/RatiosTable.tsx(184,40): error TS2488: Type 'unknown' must have a '[Symbol.iterator]()' method that returns an iterator.
components/ui/RatiosTable/RatiosTable.tsx(192,27): error TS2345: Argument of type 'unknown' is not assignable to parameter of type 'SetStateAction<string>'.
components/ui/RatiosTable/RatiosTable.tsx(204,20): error TS2339: Property 'forEach' does not exist on type 'unknown'.
components/ui/SideBar.tsx(72,19): error TS2322: Type 'string' is not assignable to type '"/dashboard" | "/chatbot" | "/fundamental" | "/historical" | "/scannermain" | "/scannerfundamental" | "/basic-backtester-main" | "/advanced-backtester-main" | "/simulator" | ... 118 more ... | { ...; }'.
components/ui/SideBar.tsx(87,23): error TS2322: Type 'string' is not assignable to type '"/dashboard" | "/chatbot" | "/fundamental" | "/historical" | "/scannermain" | "/scannerfundamental" | "/basic-backtester-main" | "/advanced-backtester-main" | "/simulator" | ... 118 more ... | { ...; }'.
components/UnflukeMain/AdvancedBacktester/AdvancedLeg.tsx(47,54): error TS2339: Property 'AdvancedBacktester' does not exist on type 'unknown'.
components/UnflukeMain/AdvancedBacktester/AdvancedLeg.tsx(391,18): error TS2339: Property 'expression' does not exist on type '{}'.
components/UnflukeMain/AdvancedBacktester/AdvancedLeg.tsx(392,51): error TS2339: Property 'expression' does not exist on type '{}'.
components/UnflukeMain/AdvancedBacktester/AdvancedLeg.tsx(425,25): error TS2339: Property 'expression' does not exist on type '{}'.
components/UnflukeMain/AdvancedBacktester/AdvancedLeg.tsx(427,40): error TS2339: Property 'expression' does not exist on type '{}'.
components/UnflukeMain/AdvancedBacktester/AdvancedLeg.tsx(445,32): error TS2339: Property 'buysell' does not exist on type '{}'.
components/UnflukeMain/AdvancedBacktester/AdvancedLeg.tsx(451,68): error TS2339: Property 'buysell' does not exist on type '{}'.
components/UnflukeMain/AdvancedBacktester/AdvancedLeg.tsx(456,33): error TS2339: Property 'buysell' does not exist on type '{}'.
components/UnflukeMain/AdvancedBacktester/AdvancedLeg.tsx(473,53): error TS2339: Property 'tpUnit' does not exist on type '{}'.
components/UnflukeMain/AdvancedBacktester/AdvancedLeg.tsx(492,43): error TS2339: Property 'tp' does not exist on type '{}'.
components/UnflukeMain/AdvancedBacktester/AdvancedLeg.tsx(508,53): error TS2339: Property 'slUnit' does not exist on type '{}'.
components/UnflukeMain/AdvancedBacktester/AdvancedLeg.tsx(527,43): error TS2339: Property 'sl' does not exist on type '{}'.
components/UnflukeMain/AdvancedBacktester/AdvancedLeg.tsx(546,53): error TS2339: Property 'trailXUnit' does not exist on type '{}'.
components/UnflukeMain/AdvancedBacktester/AdvancedLeg.tsx(565,43): error TS2339: Property 'trailX' does not exist on type '{}'.
components/UnflukeMain/AdvancedBacktester/AdvancedLeg.tsx(581,53): error TS2339: Property 'trailYUnit' does not exist on type '{}'.
components/UnflukeMain/AdvancedBacktester/AdvancedLeg.tsx(600,43): error TS2339: Property 'trailY' does not exist on type '{}'.
components/UnflukeMain/AdvancedBacktester/AdvancedLeg.tsx(616,49): error TS2339: Property 'noOfLots' does not exist on type '{}'.
components/UnflukeMain/AdvancedBacktester/AdvancedLeg.tsx(638,29): error TS2339: Property 'segment' does not exist on type '{}'.
components/UnflukeMain/AdvancedBacktester/AdvancedLeg.tsx(645,53): error TS2339: Property 'execution' does not exist on type '{}'.
components/UnflukeMain/AdvancedBacktester/AdvancedLeg.tsx(667,33): error TS2339: Property 'execution' does not exist on type '{}'.
components/UnflukeMain/AdvancedBacktester/AdvancedLeg.tsx(674,55): error TS2339: Property 'tradeLegs' does not exist on type '{}'.
components/UnflukeMain/AdvancedBacktester/AdvancedLeg.tsx(699,33): error TS2339: Property 'execution' does not exist on type '{}'.
components/UnflukeMain/AdvancedBacktester/AdvancedLeg.tsx(700,34): error TS2339: Property 'optionLegs' does not exist on type '{}'.
components/UnflukeMain/AdvancedBacktester/AdvancedLeg.tsx(701,34): error TS2339: Property 'optionLegs' does not exist on type '{}'.
components/UnflukeMain/AdvancedBacktester/AdvancedLeg.tsx(705,54): error TS2339: Property 'index' does not exist on type '{}'.
components/UnflukeMain/AdvancedBacktester/AdvancedLeg.tsx(722,11): error TS2322: Type '{ closeModal: (output: any) => void; settings: {}; type: string; stock_symbol: any; }' is not assignable to type 'IntrinsicAttributes & { closeModal: any; settings: any; type: any; }'.
  Property 'stock_symbol' does not exist on type 'IntrinsicAttributes & { closeModal: any; settings: any; type: any; }'.
components/UnflukeMain/AdvancedBacktester/AdvancedLeg.tsx(722,38): error TS2339: Property 'segment1a' does not exist on type '{}'.
components/UnflukeMain/AdvancedBacktester/ExecutionOptionLeg.tsx(21,54): error TS2339: Property 'AdvancedBacktester' does not exist on type 'unknown'.
components/UnflukeMain/AdvancedBacktester/ExecutionOptionLeg.tsx(105,27): error TS2339: Property 'direction' does not exist on type '{}'.
components/UnflukeMain/AdvancedBacktester/ExecutionOptionLeg.tsx(111,65): error TS2339: Property 'direction' does not exist on type '{}'.
components/UnflukeMain/AdvancedBacktester/ExecutionOptionLeg.tsx(116,28): error TS2339: Property 'direction' does not exist on type '{}'.
components/UnflukeMain/AdvancedBacktester/ExecutionOptionLeg.tsx(127,27): error TS2339: Property 'buysell' does not exist on type '{}'.
components/UnflukeMain/AdvancedBacktester/ExecutionOptionLeg.tsx(133,63): error TS2339: Property 'buysell' does not exist on type '{}'.
components/UnflukeMain/AdvancedBacktester/ExecutionOptionLeg.tsx(138,28): error TS2339: Property 'buysell' does not exist on type '{}'.
components/UnflukeMain/AdvancedBacktester/ExecutionOptionLeg.tsx(150,42): error TS2339: Property 'strikeType' does not exist on type '{}'.
components/UnflukeMain/AdvancedBacktester/ExecutionOptionLeg.tsx(163,24): error TS2339: Property 'strikeType' does not exist on type '{}'.
components/UnflukeMain/AdvancedBacktester/ExecutionOptionLeg.tsx(169,34): error TS2339: Property 'strikePremium' does not exist on type '{}'.
components/UnflukeMain/AdvancedBacktester/ExecutionOptionLeg.tsx(179,44): error TS2339: Property 'strikeAtm' does not exist on type '{}'.
components/UnflukeMain/AdvancedBacktester/ExecutionOptionLeg.tsx(208,44): error TS2339: Property 'targetUnit' does not exist on type '{}'.
components/UnflukeMain/AdvancedBacktester/ExecutionOptionLeg.tsx(226,34): error TS2339: Property 'target' does not exist on type '{}'.
components/UnflukeMain/AdvancedBacktester/ExecutionOptionLeg.tsx(242,44): error TS2339: Property 'slUnit' does not exist on type '{}'.
components/UnflukeMain/AdvancedBacktester/ExecutionOptionLeg.tsx(260,34): error TS2339: Property 'sl' does not exist on type '{}'.
components/UnflukeMain/AdvancedBacktester/ExecutionOptionLeg.tsx(279,44): error TS2339: Property 'trailingUnit' does not exist on type '{}'.
components/UnflukeMain/AdvancedBacktester/ExecutionOptionLeg.tsx(297,34): error TS2339: Property 'trailing' does not exist on type '{}'.
components/UnflukeMain/AdvancedBacktester/ExecutionOptionLeg.tsx(315,32): error TS2339: Property 'trailing' does not exist on type '{}'.
components/UnflukeMain/AdvancedBacktester/LegTabs.tsx(18,54): error TS2339: Property 'AdvancedBacktester' does not exist on type 'unknown'.
components/UnflukeMain/AdvancedBacktester/MTM.tsx(16,54): error TS2339: Property 'AdvancedBacktester' does not exist on type 'unknown'.
components/UnflukeMain/Authentication/OtpVerificationProfile.tsx(164,19): error TS2322: Type '(el: TextInput) => TextInput' is not assignable to type 'Ref<TextInput>'.
  Type '(el: TextInput) => TextInput' is not assignable to type '(instance: TextInput) => void | (() => VoidOrUndefinedOnly)'.
    Type 'TextInput' is not assignable to type 'void | (() => VoidOrUndefinedOnly)'.
components/UnflukeMain/BasicBacktester/MTM/index.tsx(17,12): error TS2559: Type '{ updateMTMTarget: ActionCreatorWithPayload<any, "strategyOne/updateMTMTarget">; updateMTMStopLoss: ActionCreatorWithPayload<any, "strategyOne/updateMTMStopLoss">; updateMTMTrailing: ActionCreatorWithPayload<...>; }' has no properties in common with type 'IntrinsicAttributes'.
components/UnflukeMain/BasicBacktester/MTM/index.tsx(20,12): error TS2559: Type '{ updateMTMStopLoss: ActionCreatorWithPayload<any, "strategyOne/updateMTMStopLoss">; }' has no properties in common with type 'IntrinsicAttributes'.
components/UnflukeMain/BasicBacktester/MTM/index.tsx(21,12): error TS2559: Type '{ updateMTMTrailing: ActionCreatorWithPayload<any, "strategyOne/updateMTMTrailing">; }' has no properties in common with type 'IntrinsicAttributes'.
components/UnflukeMain/BasicBacktester/MTM/MTMStopLoss.tsx(10,56): error TS2339: Property 'BasicBacktester' does not exist on type 'unknown'.
components/UnflukeMain/BasicBacktester/MTM/MTMTarget.tsx(10,54): error TS2339: Property 'BasicBacktester' does not exist on type 'unknown'.
components/UnflukeMain/BasicBacktester/MTM/MTMTrailingSL.tsx(10,56): error TS2339: Property 'BasicBacktester' does not exist on type 'unknown'.
components/UnflukeMain/BasicBacktester/StrategyFilters/LegOptions.tsx(52,34): error TS2339: Property 'BasicBacktester' does not exist on type 'unknown'.
components/UnflukeMain/BasicBacktester/StrategyLegs/index.tsx(22,22): error TS2339: Property 'BasicBacktester' does not exist on type 'unknown'.
components/UnflukeMain/BasicBacktester/StrategyLegs/Leg.tsx(38,22): error TS2339: Property 'BasicBacktester' does not exist on type 'unknown'.
components/UnflukeMain/BasicBacktester/StrategyView/ProfitTable.tsx(38,34): error TS2339: Property 'documentDirectory' does not exist on type 'typeof import("d:/unfluke1/node_modules/expo-file-system/build/index")'.
components/UnflukeMain/Common/HistoricalDateTime.tsx(98,26): error TS2339: Property 'date' does not exist on type 'AxiosResponse<any, any, {}>'.
components/UnflukeMain/Common/HistoricalDateTime.tsx(108,16): error TS2345: Argument of type '(dispatch: any) => Promise<void>' is not assignable to parameter of type 'UnknownAction'.
components/UnflukeMain/Common/HistoricalDateTime.tsx(120,16): error TS2345: Argument of type '(dispatch: any) => Promise<void>' is not assignable to parameter of type 'UnknownAction'.
components/UnflukeMain/Scanner/ScannerExpression/Modals/IndicatorModal.tsx(388,3): error TS2305: Module '"../../../Utils/common_vars"' has no exported member 'fundamentalYears'.
components/UnflukeMain/Scanner/ScannerExpression/Modals/IndicatorModal.tsx(498,40): error TS2345: Argument of type 'string' is not assignable to parameter of type 'number'.
components/UnflukeMain/Scanner/ScannerExpression/Modals/NumberOpModal.tsx(102,15): error TS2345: Argument of type 'string' is not assignable to parameter of type 'number'.
components/UnflukeMain/Scanner/ScannerFilters/index.tsx(761,11): error TS2322: Type 'string[]' is not assignable to type 'string'.
components/UnflukeMain/Scanner/ScannerFilters/index.tsx(767,11): error TS2322: Type 'string[]' is not assignable to type 'string'.
components/UnflukeMain/Scanner/ScannerFilters/index.tsx(773,11): error TS2322: Type 'undefined[]' is not assignable to type 'string'.
components/UnflukeMain/Scanner/ScannerFilters/index.tsx(779,11): error TS2322: Type 'string[]' is not assignable to type 'string'.
components/UnflukeMain/Scanner/ScannerFilters/index.tsx(938,29): error TS2322: Type 'string[]' is not assignable to type 'string'.
components/UnflukeMain/Scanner/ScannerFilters/index.tsx(941,29): error TS2322: Type 'string[]' is not assignable to type 'string'.
components/UnflukeMain/Scanner/ScannerFilters/index.tsx(944,29): error TS2322: Type 'undefined[]' is not assignable to type 'string'.
components/UnflukeMain/Scanner/ScannerFilters/index.tsx(947,29): error TS2322: Type 'string[]' is not assignable to type 'string'.
components/UnflukeMain/Scanner/ScannerFilters/OptionsAdvanced.tsx(656,41): error TS2339: Property 'closest' does not exist on type '{}'.
components/UnflukeMain/Scanner/ScannerFilters/OptionsAdvanced.tsx(656,69): error TS2339: Property 'min' does not exist on type '{}'.
components/UnflukeMain/Scanner/ScannerFilters/OptionsAdvanced.tsx(656,93): error TS2339: Property 'max' does not exist on type '{}'.
components/UnflukeMain/Scanner/ScannerMisc/index.tsx(390,27): error TS2339: Property 'title' does not exist on type '{}'.
components/UnflukeMain/Scanner/ScannerMisc/index.tsx(391,24): error TS2339: Property 'title' does not exist on type '{}'.
components/UnflukeMain/Scanner/ScannerMisc/index.tsx(392,24): error TS2339: Property 'title' does not exist on type '{}'.
components/UnflukeMain/Scanner/ScannerMisc/index.tsx(430,30): error TS2339: Property 'scrollView' does not exist on type '{ container: { backgroundColor: string; borderRadius: number; padding: number; shadowColor: string; shadowOffset: { width: number; height: number; }; shadowOpacity: number; shadowRadius: number; elevation: number; flex: number; }; ... 14 more ...; chipTextOther: { ...; }; }'.
components/UnflukeMain/Scanner/ScannerMisc/Modals/OffsetModal.tsx(234,34): error TS2345: Argument of type 'string' is not assignable to parameter of type 'number'.
components/UnflukeMain/Scanner/ScannerResults/index.tsx(361,36): error TS2339: Property 'documentDirectory' does not exist on type 'typeof import("d:/unfluke1/node_modules/expo-file-system/build/index")'.
components/UnflukeMain/Scanner/ScannerResults/index.tsx(474,37): error TS2339: Property 'header' does not exist on type '{ by: string; order: string; }'.
components/UnflukeMain/Scanner/ScannerResults/index.tsx(478,36): error TS2339: Property 'header' does not exist on type '{ by: string; order: string; }'.
components/UnflukeMain/Scanner/ScannerResults/index.tsx(858,5): error TS1117: An object literal cannot have multiple properties with the same name.
components/UnflukeMain/TradingViewChart/TradingViewChartReal.tsx(36,26): error TS2339: Property 'symbol' does not exist on type 'Readonly<{}>'.
components/UnflukeMain/TradingViewChart/TradingViewChartReal.tsx(38,28): error TS2339: Property 'interval' does not exist on type 'Readonly<{}>'.
components/UnflukeMain/TradingViewChart/TradingViewChartReal.tsx(39,29): error TS2339: Property 'containerId' does not exist on type 'Readonly<{}>'.
components/UnflukeMain/TradingViewChart/TradingViewChartReal.tsx(40,32): error TS2339: Property 'libraryPath' does not exist on type 'Readonly<{}>'.
components/UnflukeMain/TradingViewChart/TradingViewChartReal.tsx(43,38): error TS2339: Property 'chartsStorageUrl' does not exist on type 'Readonly<{}>'.
components/UnflukeMain/TradingViewChart/TradingViewChartReal.tsx(44,46): error TS2339: Property 'chartsStorageApiVersion' does not exist on type 'Readonly<{}>'.
components/UnflukeMain/TradingViewChart/TradingViewChartReal.tsx(45,29): error TS2339: Property 'clientId' does not exist on type 'Readonly<{}>'.
components/UnflukeMain/TradingViewChart/TradingViewChartReal.tsx(46,27): error TS2339: Property 'userId' does not exist on type 'Readonly<{}>'.
components/UnflukeMain/TradingViewChart/TradingViewChartReal.tsx(47,30): error TS2339: Property 'fullscreen' does not exist on type 'Readonly<{}>'.
components/UnflukeMain/TradingViewChart/TradingViewChartReal.tsx(48,28): error TS2339: Property 'autosize' does not exist on type 'Readonly<{}>'.
components/UnflukeMain/TradingViewChart/TradingViewChartReal.tsx(49,37): error TS2339: Property 'studiesOverrides' does not exist on type 'Readonly<{}>'.
components/UnflukeMain/TradingViewChart/TradingViewChartReal.tsx(58,31): error TS2339: Property 'currentDate' does not exist on type 'Readonly<{}>'.
components/UnflukeMain/TradingViewChart/TradingViewChartReal.tsx(62,33): error TS2345: Argument of type '{ symbol: any; datafeed: { onReady: (cb: any) => Promise<void>; searchSymbols: (userInput: any, exchange: any, symbolType: any, onResultReadyCallback: any) => Promise<void>; ... 7 more ...; getServerTime: (cb: any) => void; }; ... 15 more ...; currentDate: any; }' is not assignable to parameter of type 'ChartingLibraryWidgetOptions | TradingTerminalWidgetOptions'.
  Type '{ symbol: any; datafeed: { onReady: (cb: any) => Promise<void>; searchSymbols: (userInput: any, exchange: any, symbolType: any, onResultReadyCallback: any) => Promise<void>; ... 7 more ...; getServerTime: (cb: any) => void; }; ... 15 more ...; currentDate: any; }' is not assignable to type 'TradingTerminalWidgetOptions'.
    Types of property 'disabled_features' are incompatible.
      Type 'string[]' is not assignable to type 'TradingTerminalFeatureset[]'.
        Type 'string' is not assignable to type 'TradingTerminalFeatureset'.
components/UnflukeMain/TradingViewChart/TradingViewChartReal.tsx(92,41): error TS2339: Property 'symbol' does not exist on type 'Readonly<{}>'.
components/UnflukeMain/TradingViewChart/TradingViewChartReal.tsx(93,50): error TS2339: Property 'symbol' does not exist on type 'Readonly<{}>'.
components/UnflukeMain/TradingViewChart/TradingViewChartReal.tsx(95,45): error TS2339: Property 'layoutMode' does not exist on type 'Readonly<{}>'.
components/UnflukeMain/TradingViewChart/TradingViewChartReal.tsx(98,20): error TS2339: Property 'layoutMode' does not exist on type 'Readonly<{}>'.
components/UnflukeMain/TradingViewChart/TradingViewChartReal.tsx(98,61): error TS2339: Property 'layoutMode' does not exist on type 'Readonly<{}>'.
components/UnflukeMain/TradingViewChart/TradingViewChartReal.tsx(101,20): error TS2339: Property 'currentDate' does not exist on type 'Readonly<{}>'.
components/UnflukeMain/TradingViewChart/TradingViewChartReal.tsx(102,47): error TS2339: Property 'currentDate' does not exist on type 'Readonly<{}>'.
components/UnflukeMain/TradingViewChart/TradingViewChartReal.tsx(103,43): error TS2339: Property 'maxYear' does not exist on type 'Readonly<{}>'.
components/UnflukeMain/TradingViewChart/TradingViewChartReal.tsx(107,41): error TS2339: Property 'symbol' does not exist on type 'Readonly<{}>'.
components/UnflukeMain/TradingViewChart/TradingViewChartReal.tsx(126,32): error TS2339: Property 'containerId' does not exist on type 'Readonly<{}>'.
